1747180329.722246 client started (64229): version 3.5a, socket /private/tmp/tmux-501/default, protocol 8
1747180329.722326 on Darwin 23.5.0 Darwin Kernel Version 23.5.0: Wed May  1 20:19:05 PDT 2024; root:xnu-10063.121.3~5/RELEASE_ARM64_T8112
1747180329.722341 using libevent 2.1.12-stable select
1747180329.722600 using utf8proc 2.10.0
1747180329.722612 using ncurses 6.5 20240427
1747180329.722631 flags are 0x18010000
1747180329.722638 socket is /private/tmp/tmux-501/default
1747180329.722649 trying connect
1747180329.722663 connect failed: Connection refused
1747180329.722679 lock file is /private/tmp/tmux-501/default.lock
1747180329.722903 flock succeeded
1747180329.722912 got lock (6)
1747180329.722920 trying connect
1747180329.722930 connect failed: Connection refused
1747180329.723414 add peer 0x158048000: 7 (0x0)
1747180329.726799 sending message 111 to peer 0x158048000 (8 bytes)
1747180329.726816 sending message 111 to peer 0x158048000 (8 bytes)
1747180329.726825 sending message 101 to peer 0x158048000 (15 bytes)
1747180329.726833 sending message 109 to peer 0x158048000 (4 bytes)
1747180329.726841 sending message 102 to peer 0x158048000 (13 bytes)
1747180329.726849 sending message 108 to peer 0x158048000 (26 bytes)
1747180329.726857 sending message 112 to peer 0x158048000 (58 bytes)
1747180329.726865 sending message 112 to peer 0x158048000 (5 bytes)
1747180329.726873 sending message 112 to peer 0x158048000 (5 bytes)
1747180329.726881 sending message 112 to peer 0x158048000 (6 bytes)
1747180329.726889 sending message 112 to peer 0x158048000 (6 bytes)
1747180329.726896 sending message 112 to peer 0x158048000 (11 bytes)
1747180329.726904 sending message 112 to peer 0x158048000 (10 bytes)
1747180329.726912 sending message 112 to peer 0x158048000 (13 bytes)
1747180329.726920 sending message 112 to peer 0x158048000 (14 bytes)
1747180329.726927 sending message 112 to peer 0x158048000 (19 bytes)
1747180329.726934 sending message 112 to peer 0x158048000 (11 bytes)
1747180329.726942 sending message 112 to peer 0x158048000 (10 bytes)
1747180329.726949 sending message 112 to peer 0x158048000 (15 bytes)
1747180329.726958 sending message 112 to peer 0x158048000 (21 bytes)
1747180329.726966 sending message 112 to peer 0x158048000 (13 bytes)
1747180329.726974 sending message 112 to peer 0x158048000 (7 bytes)
1747180329.726982 sending message 112 to peer 0x158048000 (13 bytes)
1747180329.726989 sending message 112 to peer 0x158048000 (7 bytes)
1747180329.726996 sending message 112 to peer 0x158048000 (13 bytes)
1747180329.727004 sending message 112 to peer 0x158048000 (9 bytes)
1747180329.727012 sending message 112 to peer 0x158048000 (21 bytes)
1747180329.727018 sending message 112 to peer 0x158048000 (13 bytes)
1747180329.727024 sending message 112 to peer 0x158048000 (9 bytes)
1747180329.727030 sending message 112 to peer 0x158048000 (16 bytes)
1747180329.727036 sending message 112 to peer 0x158048000 (13 bytes)
1747180329.727044 sending message 112 to peer 0x158048000 (9 bytes)
1747180329.727051 sending message 112 to peer 0x158048000 (9 bytes)
1747180329.727057 sending message 112 to peer 0x158048000 (12 bytes)
1747180329.727063 sending message 112 to peer 0x158048000 (8 bytes)
1747180329.727070 sending message 112 to peer 0x158048000 (8 bytes)
1747180329.727076 sending message 112 to peer 0x158048000 (13 bytes)
1747180329.727083 sending message 112 to peer 0x158048000 (7 bytes)
1747180329.727089 sending message 112 to peer 0x158048000 (7 bytes)
1747180329.727096 sending message 112 to peer 0x158048000 (9 bytes)
1747180329.727103 sending message 112 to peer 0x158048000 (9 bytes)
1747180329.727109 sending message 112 to peer 0x158048000 (15 bytes)
1747180329.727116 sending message 112 to peer 0x158048000 (13 bytes)
1747180329.727122 sending message 112 to peer 0x158048000 (12 bytes)
1747180329.727129 sending message 112 to peer 0x158048000 (8 bytes)
1747180329.727135 sending message 112 to peer 0x158048000 (14 bytes)
1747180329.727142 sending message 112 to peer 0x158048000 (11 bytes)
1747180329.727148 sending message 112 to peer 0x158048000 (9 bytes)
1747180329.727164 sending message 112 to peer 0x158048000 (10 bytes)
1747180329.727169 sending message 112 to peer 0x158048000 (10 bytes)
1747180329.727173 sending message 112 to peer 0x158048000 (10 bytes)
1747180329.727178 sending message 112 to peer 0x158048000 (10 bytes)
1747180329.727183 sending message 112 to peer 0x158048000 (11 bytes)
1747180329.727188 sending message 112 to peer 0x158048000 (12 bytes)
1747180329.727193 sending message 112 to peer 0x158048000 (12 bytes)
1747180329.727198 sending message 112 to peer 0x158048000 (12 bytes)
1747180329.727203 sending message 112 to peer 0x158048000 (12 bytes)
1747180329.727207 sending message 112 to peer 0x158048000 (12 bytes)
1747180329.727211 sending message 112 to peer 0x158048000 (11 bytes)
1747180329.727216 sending message 112 to peer 0x158048000 (11 bytes)
1747180329.727221 sending message 112 to peer 0x158048000 (12 bytes)
1747180329.727225 sending message 112 to peer 0x158048000 (12 bytes)
1747180329.727230 sending message 112 to peer 0x158048000 (12 bytes)
1747180329.727236 sending message 112 to peer 0x158048000 (12 bytes)
1747180329.727239 sending message 112 to peer 0x158048000 (12 bytes)
1747180329.727244 sending message 112 to peer 0x158048000 (9 bytes)
1747180329.727249 sending message 112 to peer 0x158048000 (12 bytes)
1747180329.727254 sending message 112 to peer 0x158048000 (13 bytes)
1747180329.727259 sending message 112 to peer 0x158048000 (13 bytes)
1747180329.727263 sending message 112 to peer 0x158048000 (13 bytes)
1747180329.727268 sending message 112 to peer 0x158048000 (13 bytes)
1747180329.727271 sending message 112 to peer 0x158048000 (13 bytes)
1747180329.727275 sending message 112 to peer 0x158048000 (8 bytes)
1747180329.727280 sending message 112 to peer 0x158048000 (11 bytes)
1747180329.727284 sending message 112 to peer 0x158048000 (11 bytes)
1747180329.727289 sending message 112 to peer 0x158048000 (11 bytes)
1747180329.727294 sending message 112 to peer 0x158048000 (12 bytes)
1747180329.727299 sending message 112 to peer 0x158048000 (12 bytes)
1747180329.727304 sending message 112 to peer 0x158048000 (12 bytes)
1747180329.727307 sending message 112 to peer 0x158048000 (12 bytes)
1747180329.727313 sending message 112 to peer 0x158048000 (13 bytes)
1747180329.727317 sending message 112 to peer 0x158048000 (13 bytes)
1747180329.727320 sending message 112 to peer 0x158048000 (13 bytes)
1747180329.727324 sending message 112 to peer 0x158048000 (8 bytes)
1747180329.727329 sending message 112 to peer 0x158048000 (13 bytes)
1747180329.727332 sending message 112 to peer 0x158048000 (13 bytes)
1747180329.727337 sending message 112 to peer 0x158048000 (13 bytes)
1747180329.727343 sending message 112 to peer 0x158048000 (13 bytes)
1747180329.727348 sending message 112 to peer 0x158048000 (13 bytes)
1747180329.727353 sending message 112 to peer 0x158048000 (12 bytes)
1747180329.727357 sending message 112 to peer 0x158048000 (12 bytes)
1747180329.727360 sending message 112 to peer 0x158048000 (12 bytes)
1747180329.727364 sending message 112 to peer 0x158048000 (12 bytes)
1747180329.727368 sending message 112 to peer 0x158048000 (13 bytes)
1747180329.727371 sending message 112 to peer 0x158048000 (8 bytes)
1747180329.727376 sending message 112 to peer 0x158048000 (13 bytes)
1747180329.727381 sending message 112 to peer 0x158048000 (13 bytes)
1747180329.727385 sending message 112 to peer 0x158048000 (13 bytes)
1747180329.727390 sending message 112 to peer 0x158048000 (13 bytes)
1747180329.727395 sending message 112 to peer 0x158048000 (13 bytes)
1747180329.727400 sending message 112 to peer 0x158048000 (13 bytes)
1747180329.727405 sending message 112 to peer 0x158048000 (13 bytes)
1747180329.727411 sending message 112 to peer 0x158048000 (12 bytes)
1747180329.727417 sending message 112 to peer 0x158048000 (12 bytes)
1747180329.727423 sending message 112 to peer 0x158048000 (12 bytes)
1747180329.727428 sending message 112 to peer 0x158048000 (8 bytes)
1747180329.727432 sending message 112 to peer 0x158048000 (12 bytes)
1747180329.727437 sending message 112 to peer 0x158048000 (13 bytes)
1747180329.727450 sending message 112 to peer 0x158048000 (13 bytes)
1747180329.727455 sending message 112 to peer 0x158048000 (13 bytes)
1747180329.727460 sending message 112 to peer 0x158048000 (13 bytes)
1747180329.727464 sending message 112 to peer 0x158048000 (13 bytes)
1747180329.727468 sending message 112 to peer 0x158048000 (13 bytes)
1747180329.727473 sending message 112 to peer 0x158048000 (13 bytes)
1747180329.727479 sending message 112 to peer 0x158048000 (13 bytes)
1747180329.727484 sending message 112 to peer 0x158048000 (12 bytes)
1747180329.727490 sending message 112 to peer 0x158048000 (10 bytes)
1747180329.727494 sending message 112 to peer 0x158048000 (12 bytes)
1747180329.727498 sending message 112 to peer 0x158048000 (12 bytes)
1747180329.727503 sending message 112 to peer 0x158048000 (12 bytes)
1747180329.727508 sending message 112 to peer 0x158048000 (13 bytes)
1747180329.727514 sending message 112 to peer 0x158048000 (13 bytes)
1747180329.727518 sending message 112 to peer 0x158048000 (13 bytes)
1747180329.727523 sending message 112 to peer 0x158048000 (13 bytes)
1747180329.727527 sending message 112 to peer 0x158048000 (13 bytes)
1747180329.727532 sending message 112 to peer 0x158048000 (13 bytes)
1747180329.727535 sending message 112 to peer 0x158048000 (13 bytes)
1747180329.727539 sending message 112 to peer 0x158048000 (10 bytes)
1747180329.727544 sending message 112 to peer 0x158048000 (13 bytes)
1747180329.727549 sending message 112 to peer 0x158048000 (12 bytes)
1747180329.727555 sending message 112 to peer 0x158048000 (12 bytes)
1747180329.727559 sending message 112 to peer 0x158048000 (12 bytes)
1747180329.727563 sending message 112 to peer 0x158048000 (10 bytes)
1747180329.727568 sending message 112 to peer 0x158048000 (10 bytes)
1747180329.727573 sending message 112 to peer 0x158048000 (10 bytes)
1747180329.727578 sending message 112 to peer 0x158048000 (12 bytes)
1747180329.727583 sending message 112 to peer 0x158048000 (13 bytes)
1747180329.727587 sending message 112 to peer 0x158048000 (13 bytes)
1747180329.727592 sending message 112 to peer 0x158048000 (13 bytes)
1747180329.727597 sending message 112 to peer 0x158048000 (13 bytes)
1747180329.727602 sending message 112 to peer 0x158048000 (13 bytes)
1747180329.727608 sending message 112 to peer 0x158048000 (10 bytes)
1747180329.727613 sending message 112 to peer 0x158048000 (11 bytes)
1747180329.727619 sending message 112 to peer 0x158048000 (12 bytes)
1747180329.727623 sending message 112 to peer 0x158048000 (12 bytes)
1747180329.727628 sending message 112 to peer 0x158048000 (12 bytes)
1747180329.727633 sending message 112 to peer 0x158048000 (12 bytes)
1747180329.727638 sending message 112 to peer 0x158048000 (12 bytes)
1747180329.727643 sending message 112 to peer 0x158048000 (11 bytes)
1747180329.727648 sending message 112 to peer 0x158048000 (12 bytes)
1747180329.727652 sending message 112 to peer 0x158048000 (12 bytes)
1747180329.727657 sending message 112 to peer 0x158048000 (13 bytes)
1747180329.727662 sending message 112 to peer 0x158048000 (13 bytes)
1747180329.727667 sending message 112 to peer 0x158048000 (13 bytes)
1747180329.727671 sending message 112 to peer 0x158048000 (13 bytes)
1747180329.727676 sending message 112 to peer 0x158048000 (13 bytes)
1747180329.727681 sending message 112 to peer 0x158048000 (10 bytes)
1747180329.727686 sending message 112 to peer 0x158048000 (9 bytes)
1747180329.727691 sending message 112 to peer 0x158048000 (12 bytes)
1747180329.727696 sending message 112 to peer 0x158048000 (13 bytes)
1747180329.727701 sending message 112 to peer 0x158048000 (13 bytes)
1747180329.727706 sending message 112 to peer 0x158048000 (13 bytes)
1747180329.727713 sending message 112 to peer 0x158048000 (13 bytes)
1747180329.727717 sending message 112 to peer 0x158048000 (13 bytes)
1747180329.727721 sending message 112 to peer 0x158048000 (9 bytes)
1747180329.727725 sending message 112 to peer 0x158048000 (12 bytes)
1747180329.727730 sending message 112 to peer 0x158048000 (13 bytes)
1747180329.727741 sending message 112 to peer 0x158048000 (13 bytes)
1747180329.727746 sending message 112 to peer 0x158048000 (13 bytes)
1747180329.727751 sending message 112 to peer 0x158048000 (13 bytes)
1747180329.727754 sending message 112 to peer 0x158048000 (13 bytes)
1747180329.727759 sending message 112 to peer 0x158048000 (11 bytes)
1747180329.727763 sending message 112 to peer 0x158048000 (12 bytes)
1747180329.727766 sending message 112 to peer 0x158048000 (13 bytes)
1747180329.727770 sending message 112 to peer 0x158048000 (13 bytes)
1747180329.727775 sending message 112 to peer 0x158048000 (13 bytes)
1747180329.727779 sending message 112 to peer 0x158048000 (13 bytes)
1747180329.727784 sending message 112 to peer 0x158048000 (13 bytes)
1747180329.727789 sending message 112 to peer 0x158048000 (11 bytes)
1747180329.727793 sending message 112 to peer 0x158048000 (12 bytes)
1747180329.727798 sending message 112 to peer 0x158048000 (12 bytes)
1747180329.727803 sending message 112 to peer 0x158048000 (12 bytes)
1747180329.727808 sending message 112 to peer 0x158048000 (12 bytes)
1747180329.727813 sending message 112 to peer 0x158048000 (12 bytes)
1747180329.727817 sending message 112 to peer 0x158048000 (21 bytes)
1747180329.727822 sending message 112 to peer 0x158048000 (12 bytes)
1747180329.727827 sending message 112 to peer 0x158048000 (9 bytes)
1747180329.727831 sending message 112 to peer 0x158048000 (6 bytes)
1747180329.727836 sending message 112 to peer 0x158048000 (13 bytes)
1747180329.727841 sending message 112 to peer 0x158048000 (10 bytes)
1747180329.727845 sending message 112 to peer 0x158048000 (24 bytes)
1747180329.727850 sending message 112 to peer 0x158048000 (13 bytes)
1747180329.727855 sending message 112 to peer 0x158048000 (9 bytes)
1747180329.727860 sending message 112 to peer 0x158048000 (70 bytes)
1747180329.727865 sending message 112 to peer 0x158048000 (69 bytes)
1747180329.727869 sending message 112 to peer 0x158048000 (12 bytes)
1747180329.727874 sending message 112 to peer 0x158048000 (10 bytes)
1747180329.727879 sending message 112 to peer 0x158048000 (10 bytes)
1747180329.727884 sending message 112 to peer 0x158048000 (24 bytes)
1747180329.727889 sending message 112 to peer 0x158048000 (13 bytes)
1747180329.727894 sending message 112 to peer 0x158048000 (10 bytes)
1747180329.727899 sending message 112 to peer 0x158048000 (10 bytes)
1747180329.727904 sending message 112 to peer 0x158048000 (10 bytes)
1747180329.727910 sending message 112 to peer 0x158048000 (13 bytes)
1747180329.727915 sending message 112 to peer 0x158048000 (15 bytes)
1747180329.727919 sending message 112 to peer 0x158048000 (5 bytes)
1747180329.727925 sending message 104 to peer 0x158048000 (0 bytes)
1747180329.727930 sending message 110 to peer 0x158048000 (0 bytes)
1747180329.727935 sending message 107 to peer 0x158048000 (4 bytes)
1747180329.727940 sending message 105 to peer 0x158048000 (20 bytes)
1747180329.727945 sending message 105 to peer 0x158048000 (22 bytes)
1747180329.727949 sending message 105 to peer 0x158048000 (17 bytes)
1747180329.727954 sending message 105 to peer 0x158048000 (17 bytes)
1747180329.727959 sending message 105 to peer 0x158048000 (13 bytes)
1747180329.727964 sending message 105 to peer 0x158048000 (396 bytes)
1747180329.727969 sending message 105 to peer 0x158048000 (15 bytes)
1747180329.727974 sending message 105 to peer 0x158048000 (66 bytes)
1747180329.727978 sending message 105 to peer 0x158048000 (20 bytes)
1747180329.727983 sending message 105 to peer 0x158048000 (21 bytes)
1747180329.727988 sending message 105 to peer 0x158048000 (46 bytes)
1747180329.727993 sending message 105 to peer 0x158048000 (57 bytes)
1747180329.727998 sending message 105 to peer 0x158048000 (10 bytes)
1747180329.728003 sending message 105 to peer 0x158048000 (47 bytes)
1747180329.728008 sending message 105 to peer 0x158048000 (60 bytes)
1747180329.728013 sending message 105 to peer 0x158048000 (72 bytes)
1747180329.728018 sending message 105 to peer 0x158048000 (64 bytes)
1747180329.728031 sending message 105 to peer 0x158048000 (15 bytes)
1747180329.728035 sending message 105 to peer 0x158048000 (68 bytes)
1747180329.728040 sending message 105 to peer 0x158048000 (14 bytes)
1747180329.728045 sending message 105 to peer 0x158048000 (19 bytes)
1747180329.728049 sending message 105 to peer 0x158048000 (44 bytes)
1747180329.728053 sending message 105 to peer 0x158048000 (34 bytes)
1747180329.728058 sending message 105 to peer 0x158048000 (8 bytes)
1747180329.728063 sending message 105 to peer 0x158048000 (30 bytes)
1747180329.728068 sending message 105 to peer 0x158048000 (25 bytes)
1747180329.728073 sending message 105 to peer 0x158048000 (30 bytes)
1747180329.728078 sending message 105 to peer 0x158048000 (37 bytes)
1747180329.728081 sending message 105 to peer 0x158048000 (34 bytes)
1747180329.728086 sending message 105 to peer 0x158048000 (35 bytes)
1747180329.728090 sending message 105 to peer 0x158048000 (19 bytes)
1747180329.728093 sending message 105 to peer 0x158048000 (38 bytes)
1747180329.728098 sending message 105 to peer 0x158048000 (25 bytes)
1747180329.728102 sending message 106 to peer 0x158048000 (0 bytes)
1747180329.728166 sending message 200 to peer 0x158048000 (4 bytes)
1747180329.728173 client loop enter
1747180329.728188 client_signal: Child exited: 20
1747180330.086225 peer 0x158048000 message 207
1747180330.086232 sending message 208 to peer 0x158048000 (0 bytes)
1747180332.754903 peer 0x158048000 message 201
1747180332.754916 sending message 205 to peer 0x158048000 (0 bytes)
1747180332.755582 peer 0x158048000 message 204
1747180332.755596 client loop exit
